
> lottery-switch-component@0.1.0 test:unit
> vitest run


[1m[30m[46m RUN [49m[39m[22m [36mv4.1.10 [39m[90m/home/runner/work/lottery-matrix/lottery-matrix[39m

 [31m❯[39m src/admin/__tests__/AdminApp.test.tsx [2m([22m[2m25 tests[22m[2m | [22m[31m1 failed[39m[2m)[22m[33m 1734[2mms[22m[39m
     [33m[2m✓[22m[39m renders admin only for /admin [33m 323[2mms[22m[39m
     [32m✓[39m renders admin for nested /admin paths[32m 9[2mms[22m[39m
[31m     [31m×[31m keeps a non-admin path in the member mobile runtime[39m[32m 9[2mms[22m[39m
     [32m✓[39m renders missing-config state[32m 4[2mms[22m[39m
     [32m✓[39m renders no-session state[32m 6[2mms[22m[39m
     [32m✓[39m renders admin-session state[32m 12[2mms[22m[39m
     [32m✓[39m renders forbidden while signing out a session without administrator permission[32m 9[2mms[22m[39m
     [32m✓[39m unsubscribes from auth state changes when unmounted[32m 2[2mms[22m[39m
     [32m✓[39m ignores an older getSession result after a newer auth state event[32m 7[2mms[22m[39m
     [32m✓[39m renders the eight database statistics and signs out[32m 168[2mms[22m[39m
     [32m✓[39m renders every confirmed member record field[32m 94[2mms[22m[39m
     [32m✓[39m renders the confirmed transfer review fields with inactive review buttons[32m 110[2mms[22m[39m
     [32m✓[39m renders every confirmed payment record field[32m 43[2mms[22m[39m
     [32m✓[39m renders all payment statuses with the confirmed Chinese labels[32m 42[2mms[22m[39m
     [32m✓[39m renders 會員管理 with an empty data state and no fake records[32m 27[2mms[22m[39m
     [32m✓[39m renders 轉帳審核 with an empty data state and no fake records[32m 23[2mms[22m[39m
     [32m✓[39m renders 付款紀錄 with an empty data state and no fake records[32m 25[2mms[22m[39m
     [32m✓[39m generates exactly ten codes for 7天[32m 156[2mms[22m[39m
     [32m✓[39m generates exactly ten codes for 15天[32m 139[2mms[22m[39m
     [32m✓[39m generates exactly ten codes for 月[32m 116[2mms[22m[39m
     [32m✓[39m generates exactly ten codes for 季[32m 114[2mms[22m[39m
     [32m✓[39m generates exactly ten codes for 年[32m 107[2mms[22m[39m
     [32m✓[39m generates exactly ten codes for 終生[32m 97[2mms[22m[39m
     [32m✓[39m renders a redeemed member from the existing member relationship[32m 27[2mms[22m[39m
     [32m✓[39m keeps newly generated records when the initial fetch resolves later[32m 64[2mms[22m[39m
 [32m✓[39m src/__tests__/lottery-api.test.ts [2m([22m[2m10 tests[22m[2m)[22m[32m 30[2mms[22m[39m
 [32m✓[39m src/admin/__tests__/api.test.ts [2m([22m[2m12 tests[22m[2m)[22m[32m 13[2mms[22m[39m
 [32m✓[39m src/__tests__/NumberReferencePage.test.tsx [2m([22m[2m3 tests[22m[2m)[22m[33m 463[2mms[22m[39m
 [32m✓[39m src/__tests__/BottomNavigation.test.tsx [2m([22m[2m10 tests[22m[2m)[22m[33m 346[2mms[22m[39m
 [32m✓[39m src/activation/__tests__/redeemActivationCode.test.ts [2m([22m[2m4 tests[22m[2m)[22m[32m 8[2mms[22m[39m
 [32m✓[39m src/__tests__/useLatestLotteryDraw.test.tsx [2m([22m[2m1 test[22m[2m)[22m[32m 72[2mms[22m[39m
 [32m✓[39m src/__tests__/homepage-lottery-switcher-style.test.ts [2m([22m[2m2 tests[22m[2m)[22m[32m 4[2mms[22m[39m
 [32m✓[39m src/__tests__/app-production-shell.test.tsx [2m([22m[2m1 test[22m[2m)[22m[32m 33[2mms[22m[39m
 [32m✓[39m src/input-behavior.test.ts [2m([22m[2m2 tests[22m[2m)[22m[32m 4[2mms[22m[39m
 [32m✓[39m src/__tests__/reference-number-input.test.ts [2m([22m[2m3 tests[22m[2m)[22m[32m 4[2mms[22m[39m
 [32m✓[39m src/history-pagination.test.ts [2m([22m[2m2 tests[22m[2m)[22m[32m 5[2mms[22m[39m
 [32m✓[39m src/reference-number-input.test.ts [2m([22m[2m2 tests[22m[2m)[22m[32m 4[2mms[22m[39m
 [32m✓[39m src/__tests__/tongxing-input-integration.test.ts [2m([22m[2m1 test[22m[2m)[22m[32m 4[2mms[22m[39m

[31m⎯⎯⎯⎯⎯⎯⎯[39m[1m[41m Failed Tests 1 [49m[22m[31m⎯⎯⎯⎯⎯⎯⎯[39m

[41m[1m FAIL [22m[49m src/admin/__tests__/AdminApp.test.tsx[2m > [22mApp route boundary[2m > [22mkeeps a non-admin path in the member mobile runtime
[31m[1mTestingLibraryElementError[22m: Unable to find an element by: [data-testid="mobile-app-viewport"]

Ignored nodes: comments, script, style
[36m<body>[31m
  [36m<div>[31m
    [36m<div>[31m
      [0mmember-root[0m
    [36m</div>[31m
  [36m</div>[31m
[36m</body>[31m[39m
[90m [2m❯[22m Object.getElementError node_modules/@testing-library/dom/dist/config.js:[2m37:19[22m[39m
[90m [2m❯[22m node_modules/@testing-library/dom/dist/query-helpers.js:[2m76:38[22m[39m
[90m [2m❯[22m node_modules/@testing-library/dom/dist/query-helpers.js:[2m52:17[22m[39m
[90m [2m❯[22m node_modules/@testing-library/dom/dist/query-helpers.js:[2m95:19[22m[39m
[36m [2m❯[22m src/admin/__tests__/AdminApp.test.tsx:[2m192:19[22m[39m
    [90m190|[39m
    [90m191|[39m     [34mexpect[39m(screen[33m.[39m[34mgetByText[39m([32m"member-root"[39m))[33m.[39m[34mtoBeInTheDocument[39m()[33m;[39m
    [90m192|[39m     expect(screen.getByTestId("mobile-app-viewport")).toBeInTheDocumen…
    [90m   |[39m                   [31m^[39m
    [90m193|[39m     [34mexpect[39m(screen[33m.[39m[34mqueryByTestId[39m([32m"login"[39m))[33m.[39mnot[33m.[39m[34mtoBeInTheDocument[39m()[33m;[39m
    [90m194|[39m   })[33m;[39m

[31m[2m⎯⎯⎯⎯⎯⎯⎯⎯⎯⎯⎯⎯⎯⎯⎯⎯⎯⎯⎯⎯⎯⎯⎯⎯[1/1]⎯[22m[39m


[2m Test Files [22m [1m[31m1 failed[39m[22m[2m | [22m[1m[32m13 passed[39m[22m[90m (14)[39m
[2m      Tests [22m [1m[31m1 failed[39m[22m[2m | [22m[1m[32m77 passed[39m[22m[90m (78)[39m
[2m   Start at [22m 11:40:12
[2m   Duration [22m 11.58s[2m (transform 899ms, setup 0ms, import 2.45s, tests 2.72s, environment 4.32s)[22m


::error file=/home/runner/work/lottery-matrix/lottery-matrix/src/admin/__tests__/AdminApp.test.tsx,title=src/admin/__tests__/AdminApp.test.tsx > App route boundary > keeps a non-admin path in the member mobile runtime,line=192,column=19::TestingLibraryElementError: Unable to find an element by: [data-testid="mobile-app-viewport"]%0A%0AIgnored nodes: comments, script, style%0A<body>%0A  <div>%0A    <div>%0A      member-root%0A    </div>%0A  </div>%0A</body>%0A ❯ Object.getElementError node_modules/@testing-library/dom/dist/config.js:37:19%0A ❯ node_modules/@testing-library/dom/dist/query-helpers.js:76:38%0A ❯ node_modules/@testing-library/dom/dist/query-helpers.js:52:17%0A ❯ node_modules/@testing-library/dom/dist/query-helpers.js:95:19%0A ❯ src/admin/__tests__/AdminApp.test.tsx:192:19%0A%0A
